exports[`test PokemonDetail renders pokemon details 1`] = `<noscript />`;
